// Jest Snapshot v1, https://goo.gl/fbAQLP

exports[`should render 1`] = `
<fieldset
  className="cf-1nadb32"
>
  <legend
    className="cf-1peqvck"
  >
    Legend
  </legend>
  <div
    className="cf-1culcac"
  >
    FormFieldset
  </div>
</fieldset>
`;
